Curl with OAuth via Keycloak

Usage: curlaut [OPTIONS] <COMMAND>

Commands:
  GET     Do Http GET
  POST    Do Http POST
  PUT     Do Http PUT
  DELETE  Do Http DELETE
  config  Configure authentication
  help    Print this message or the help of the given subcommand(s)

Options:
  -v, --verbose  
  -h, --help     Print help
