Configure authentication

Usage: curlaut config <COMMAND>

Commands:
  add          
  remove       
  set-default  
  list         
  help         Print this message or the help of the given subcommand(s)

Options:
  -h, --help  Print help
